Drill report for RosetteController.kicad_pcb
Created on 2026-07-27T10:28:07

Copper Layer Stackup:
    =============================================================
    L1 :  F.Cu                      front
    L2 :  In1.Cu                    in1
    L3 :  In2.Cu                    in2
    L4 :  B.Cu                      back


Drill file 'RosetteController-PTH-drl.gbr' contains
    plated through holes:
    =============================================================
    T1  0.254mm  0.0100"  (10 holes))
    T2  0.300mm  0.0118"  (8 holes))
    T3  0.305mm  0.0120"  (151 holes))
    T4  1.200mm  0.0472"  (23 holes))

    Total plated holes count 192


Drill file 'RosetteController-NPTH-drl.gbr' contains
    unplated through holes:
    =============================================================
    T1  0.991mm  0.0390"  (3 holes))
    T2  2.700mm  0.1063"  (5 holes))

    Total unplated holes count 8
